#! /usr/bin/vvp
:ivl_version "12.0 (stable)";
:ivl_delay_selection "TYPICAL";
:vpi_time_precision - 12;
:vpi_module "/usr/lib/x86_64-linux-gnu/ivl/system.vpi";
:vpi_module "/usr/lib/x86_64-linux-gnu/ivl/vhdl_sys.vpi";
:vpi_module "/usr/lib/x86_64-linux-gnu/ivl/vhdl_textio.vpi";
:vpi_module "/usr/lib/x86_64-linux-gnu/ivl/v2005_math.vpi";
:vpi_module "/usr/lib/x86_64-linux-gnu/ivl/va_math.vpi";
S_0x6198ade09ec0 .scope module, "edge_combiner" "edge_combiner" 2 8;
 .timescale -9 -12;
    .port_info 0 /INPUT 1 "edge_left";
    .port_info 1 /INPUT 1 "edge_right";
    .port_info 2 /INPUT 1 "edge_up";
    .port_info 3 /INPUT 1 "edge_down";
    .port_info 4 /OUTPUT 1 "final_edge";
o0x7d6870ca90a8 .functor BUFZ 1, C4<z>; HiZ drive
o0x7d6870ca90d8 .functor BUFZ 1, C4<z>; HiZ drive
L_0x6198ade3e3d0 .functor OR 1, o0x7d6870ca90a8, o0x7d6870ca90d8, C4<0>, C4<0>;
o0x7d6870ca9108 .functor BUFZ 1, C4<z>; HiZ drive
L_0x6198ade3e490 .functor OR 1, L_0x6198ade3e3d0, o0x7d6870ca9108, C4<0>, C4<0>;
o0x7d6870ca9078 .functor BUFZ 1, C4<z>; HiZ drive
L_0x6198ade3e530 .functor OR 1, L_0x6198ade3e490, o0x7d6870ca9078, C4<0>, C4<0>;
v0x6198ade091c0_0 .net *"_ivl_0", 0 0, L_0x6198ade3e3d0;  1 drivers
v0x6198ade082e0_0 .net *"_ivl_2", 0 0, L_0x6198ade3e490;  1 drivers
v0x6198ade08380_0 .net "edge_down", 0 0, o0x7d6870ca9078;  0 drivers
v0x6198ade31250_0 .net "edge_left", 0 0, o0x7d6870ca90a8;  0 drivers
v0x6198ade31310_0 .net "edge_right", 0 0, o0x7d6870ca90d8;  0 drivers
v0x6198ade31420_0 .net "edge_up", 0 0, o0x7d6870ca9108;  0 drivers
v0x6198ade314e0_0 .net "final_edge", 0 0, L_0x6198ade3e530;  1 drivers
S_0x6198ade0d250 .scope module, "testbench" "testbench" 3 3;
 .timescale -9 -12;
v0x6198ade3ac10_0 .var "clk", 0 0;
v0x6198ade3acd0_0 .var "img_height", 15 0;
v0x6198ade3ad90_0 .var "img_width", 15 0;
v0x6198ade3ae30_0 .var/i "parsed_h", 31 0;
v0x6198ade3af10_0 .var/i "parsed_thresh", 31 0;
v0x6198ade3b040_0 .var/i "parsed_w", 31 0;
v0x6198ade3b120_0 .var "reset", 0 0;
v0x6198ade3b1c0_0 .var "threshold", 7 0;
E_0x6198addbbe70 .event anyedge, v0x6198ade35130_0, v0x6198ade37130_0, v0x6198ade37050_0;
S_0x6198ade31680 .scope module, "DUT" "top_module" 3 16, 4 6 0, S_0x6198ade0d250;
 .timescale -9 -12;
    .port_info 0 /INPUT 1 "clk";
    .port_info 1 /INPUT 1 "reset";
    .port_info 2 /INPUT 8 "threshold";
    .port_info 3 /INPUT 16 "img_width";
    .port_info 4 /INPUT 16 "img_height";
P_0x6198ade09680 .param/str "INPUT_FILE" 0 4 9, "grayscale_16.mem";
P_0x6198ade096c0 .param/l "MAX_SIZE" 0 4 7, +C4<00000000000000010000000000000000>;
P_0x6198ade09700 .param/str "OUTPUT_FILE" 0 4 10, "edge_output.pgm";
P_0x6198ade09740 .param/l "PIXEL_BITS" 0 4 8, +C4<00000000000000000000000000001000>;
v0x6198ade39290_0 .net *"_ivl_10", 0 0, L_0x6198ade4e7a0;  1 drivers
v0x6198ade39370_0 .net *"_ivl_12", 7 0, L_0x6198ade4e8e0;  1 drivers
L_0x7d6870c60180 .functor BUFT 1, C4<1111111111111111>, C4<0>, C4<0>, C4<0>;
v0x6198ade39450_0 .net/2u *"_ivl_16", 15 0, L_0x7d6870c60180;  1 drivers
v0x6198ade39510_0 .net *"_ivl_18", 0 0, L_0x6198ade4eb10;  1 drivers
v0x6198ade395d0_0 .net *"_ivl_20", 7 0, L_0x6198ade4ec80;  1 drivers
L_0x7d6870c601c8 .functor BUFT 1, C4<1111111111111111>, C4<0>, C4<0>, C4<0>;
v0x6198ade39700_0 .net/2u *"_ivl_24", 15 0, L_0x7d6870c601c8;  1 drivers
v0x6198ade397e0_0 .net *"_ivl_26", 0 0, L_0x6198ade4eef0;  1 drivers
v0x6198ade398a0_0 .net *"_ivl_28", 7 0, L_0x6198ade4efe0;  1 drivers
L_0x7d6870c60210 .functor BUFT 1, C4<1111111111111111>, C4<0>, C4<0>, C4<0>;
v0x6198ade39980_0 .net/2u *"_ivl_32", 15 0, L_0x7d6870c60210;  1 drivers
v0x6198ade39af0_0 .net *"_ivl_34", 0 0, L_0x6198ade4f260;  1 drivers
v0x6198ade39bb0_0 .net *"_ivl_36", 7 0, L_0x6198ade4f400;  1 drivers
L_0x7d6870c60138 .functor BUFT 1, C4<1111111111111111>, C4<0>, C4<0>, C4<0>;
v0x6198ade39c90_0 .net/2u *"_ivl_8", 15 0, L_0x7d6870c60138;  1 drivers
v0x6198ade39d70_0 .var "addr", 15 0;
v0x6198ade39e30_0 .net "addr_down", 15 0, v0x6198ade37340_0;  1 drivers
v0x6198ade39ef0_0 .net "addr_left", 15 0, v0x6198ade37cf0_0;  1 drivers
v0x6198ade39f90_0 .net "addr_right", 15 0, v0x6198ade387a0_0;  1 drivers
v0x6198ade3a060_0 .net "addr_up", 15 0, v0x6198ade39110_0;  1 drivers
v0x6198ade3a240_0 .net "clk", 0 0, v0x6198ade3ac10_0;  1 drivers
v0x6198ade3a2e0_0 .net "edge_pixel", 7 0, L_0x6198ade52000;  1 drivers
v0x6198ade3a3d0_0 .net "img_height", 15 0, v0x6198ade3acd0_0;  1 drivers
v0x6198ade3a490_0 .net "img_width", 15 0, v0x6198ade3ad90_0;  1 drivers
v0x6198ade3a5e0_0 .net "pix_down", 7 0, L_0x6198ade4f4a0;  1 drivers
v0x6198ade3a6a0_0 .net "pix_left", 7 0, L_0x6198ade4e980;  1 drivers
v0x6198ade3a740_0 .net "pix_right", 7 0, L_0x6198ade4ed20;  1 drivers
v0x6198ade3a810_0 .net "pix_up", 7 0, L_0x6198ade4f0d0;  1 drivers
v0x6198ade3a8e0_0 .net "pixel_orig", 7 0, v0x6198ade35470_0;  1 drivers
v0x6198ade3a980_0 .net "reset", 0 0, v0x6198ade3b120_0;  1 drivers
v0x6198ade3aa20_0 .net "threshold", 7 0, v0x6198ade3b1c0_0;  1 drivers
L_0x7d6870c60648 .functor BUFT 1, C4<1>, C4<0>, C4<0>, C4<0>;
v0x6198ade3aae0_0 .net "write_enable", 0 0, L_0x7d6870c60648;  1 drivers
L_0x6198ade4e7a0 .cmp/eq 16, v0x6198ade37cf0_0, L_0x7d6870c60138;
L_0x6198ade4e8e0 .array/port v0x6198ade353b0, v0x6198ade37cf0_0;
L_0x6198ade4e980 .functor MUXZ 8, L_0x6198ade4e8e0, v0x6198ade35470_0, L_0x6198ade4e7a0, C4<>;
L_0x6198ade4eb10 .cmp/eq 16, v0x6198ade387a0_0, L_0x7d6870c60180;
L_0x6198ade4ec80 .array/port v0x6198ade353b0, v0x6198ade387a0_0;
L_0x6198ade4ed20 .functor MUXZ 8, L_0x6198ade4ec80, v0x6198ade35470_0, L_0x6198ade4eb10, C4<>;
L_0x6198ade4eef0 .cmp/eq 16, v0x6198ade39110_0, L_0x7d6870c601c8;
L_0x6198ade4efe0 .array/port v0x6198ade353b0, v0x6198ade39110_0;
L_0x6198ade4f0d0 .functor MUXZ 8, L_0x6198ade4efe0, v0x6198ade35470_0, L_0x6198ade4eef0, C4<>;
L_0x6198ade4f260 .cmp/eq 16, v0x6198ade37340_0, L_0x7d6870c60210;
L_0x6198ade4f400 .array/port v0x6198ade353b0, v0x6198ade37340_0;
L_0x6198ade4f4a0 .functor MUXZ 8, L_0x6198ade4f400, v0x6198ade35470_0, L_0x6198ade4f260, C4<>;
S_0x6198ade31a00 .scope module, "e1" "edge_detector" 4 53, 5 8 0, S_0x6198ade31680;
 .timescale -9 -12;
    .port_info 0 /INPUT 8 "pixel_orig";
    .port_info 1 /INPUT 8 "pixel_left";
    .port_info 2 /INPUT 8 "pixel_right";
    .port_info 3 /INPUT 8 "pixel_up";
    .port_info 4 /INPUT 8 "pixel_down";
    .port_info 5 /INPUT 8 "threshold";
    .port_info 6 /OUTPUT 8 "edge_pixel";
P_0x6198ade31c00 .param/l "PIXEL_BITS" 0 5 9, +C4<00000000000000000000000000001000>;
v0x6198ade31d50_0 .net *"_ivl_0", 0 0, L_0x6198ade4f600;  1 drivers
v0x6198ade31e30_0 .net *"_ivl_10", 7 0, L_0x6198ade4fa30;  1 drivers
v0x6198ade31f10_0 .net *"_ivl_12", 7 0, L_0x6198ade4fb60;  1 drivers
v0x6198ade31fd0_0 .net *"_ivl_16", 0 0, L_0x6198ade4fd90;  1 drivers
v0x6198ade32090_0 .net *"_ivl_18", 7 0, L_0x6198ade4fe30;  1 drivers
v0x6198ade321c0_0 .net *"_ivl_2", 7 0, L_0x6198ade4f6a0;  1 drivers
v0x6198ade322a0_0 .net *"_ivl_20", 7 0, L_0x6198ade4ffc0;  1 drivers
v0x6198ade32380_0 .net *"_ivl_24", 0 0, L_0x6198ade50170;  1 drivers
v0x6198ade32440_0 .net *"_ivl_26", 7 0, L_0x6198ade50420;  1 drivers
v0x6198ade32520_0 .net *"_ivl_28", 7 0, L_0x6198ade505d0;  1 drivers
v0x6198ade32600_0 .net *"_ivl_32", 31 0, L_0x6198ade507a0;  1 drivers
L_0x7d6870c60258 .functor BUFT 1, C4<000000000000000000000000>, C4<0>, C4<0>, C4<0>;
v0x6198ade326e0_0 .net *"_ivl_35", 23 0, L_0x7d6870c60258;  1 drivers
L_0x7d6870c602a0 .functor BUFT 1, C4<00000000000000000000000000000001>, C4<0>, C4<0>, C4<0>;
v0x6198ade327c0_0 .net/2u *"_ivl_36", 31 0, L_0x7d6870c602a0;  1 drivers
v0x6198ade328a0_0 .net *"_ivl_38", 0 0, L_0x6198ade50970;  1 drivers
v0x6198ade32960_0 .net *"_ivl_4", 7 0, L_0x6198ade4f7b0;  1 drivers
L_0x7d6870c602e8 .functor BUFT 1, C4<11111111>, C4<0>, C4<0>, C4<0>;
v0x6198ade32a40_0 .net/2u *"_ivl_40", 7 0, L_0x7d6870c602e8;  1 drivers
v0x6198ade32b20_0 .net *"_ivl_44", 31 0, L_0x6198ade50bf0;  1 drivers
L_0x7d6870c60330 .functor BUFT 1, C4<000000000000000000000000>, C4<0>, C4<0>, C4<0>;
v0x6198ade32c00_0 .net *"_ivl_47", 23 0, L_0x7d6870c60330;  1 drivers
L_0x7d6870c60378 .functor BUFT 1, C4<00000000000000000000000000000001>, C4<0>, C4<0>, C4<0>;
v0x6198ade32ce0_0 .net/2u *"_ivl_48", 31 0, L_0x7d6870c60378;  1 drivers
v0x6198ade32dc0_0 .net *"_ivl_50", 0 0, L_0x6198ade50d90;  1 drivers
L_0x7d6870c603c0 .functor BUFT 1, C4<11111111>, C4<0>, C4<0>, C4<0>;
v0x6198ade32e80_0 .net/2u *"_ivl_52", 7 0, L_0x7d6870c603c0;  1 drivers
v0x6198ade32f60_0 .net *"_ivl_56", 31 0, L_0x6198ade50fe0;  1 drivers
L_0x7d6870c60408 .functor BUFT 1, C4<000000000000000000000000>, C4<0>, C4<0>, C4<0>;
v0x6198ade33040_0 .net *"_ivl_59", 23 0, L_0x7d6870c60408;  1 drivers
L_0x7d6870c60450 .functor BUFT 1, C4<00000000000000000000000000000001>, C4<0>, C4<0>, C4<0>;
v0x6198ade33120_0 .net/2u *"_ivl_60", 31 0, L_0x7d6870c60450;  1 drivers
v0x6198ade33200_0 .net *"_ivl_62", 0 0, L_0x6198ade51120;  1 drivers
L_0x7d6870c60498 .functor BUFT 1, C4<11111111>, C4<0>, C4<0>, C4<0>;
v0x6198ade332c0_0 .net/2u *"_ivl_64", 7 0, L_0x7d6870c60498;  1 drivers
v0x6198ade333a0_0 .net *"_ivl_68", 31 0, L_0x6198ade513d0;  1 drivers
L_0x7d6870c604e0 .functor BUFT 1, C4<000000000000000000000000>, C4<0>, C4<0>, C4<0>;
v0x6198ade33480_0 .net *"_ivl_71", 23 0, L_0x7d6870c604e0;  1 drivers
L_0x7d6870c60528 .functor BUFT 1, C4<00000000000000000000000000000001>, C4<0>, C4<0>, C4<0>;
v0x6198ade33560_0 .net/2u *"_ivl_72", 31 0, L_0x7d6870c60528;  1 drivers
v0x6198ade33640_0 .net *"_ivl_74", 0 0, L_0x6198ade515a0;  1 drivers
L_0x7d6870c60570 .functor BUFT 1, C4<11111111>, C4<0>, C4<0>, C4<0>;
v0x6198ade33700_0 .net/2u *"_ivl_76", 7 0, L_0x7d6870c60570;  1 drivers
v0x6198ade337e0_0 .net *"_ivl_8", 0 0, L_0x6198ade4f990;  1 drivers
v0x6198ade338a0_0 .net *"_ivl_80", 0 0, L_0x6198ade51820;  1 drivers
v0x6198ade33960_0 .net *"_ivl_84", 0 0, L_0x6198ade51780;  1 drivers
v0x6198ade33a20_0 .net *"_ivl_88", 0 0, L_0x6198ade51a50;  1 drivers
v0x6198ade33ae0_0 .net *"_ivl_92", 0 0, L_0x6198ade51c90;  1 drivers
L_0x7d6870c605b8 .functor BUFT 1, C4<11111111>, C4<0>, C4<0>, C4<0>;
v0x6198ade33ba0_0 .net/2u *"_ivl_94", 7 0, L_0x7d6870c605b8;  1 drivers
L_0x7d6870c60600 .functor BUFT 1, C4<00000000>, C4<0>, C4<0>, C4<0>;
v0x6198ade33c80_0 .net/2u *"_ivl_96", 7 0, L_0x7d6870c60600;  1 drivers
v0x6198ade33d60_0 .net "diff_down", 7 0, L_0x6198ade51690;  1 drivers
v0x6198ade33e40_0 .net "diff_left", 7 0, L_0x6198ade50b00;  1 drivers
v0x6198ade33f20_0 .net "diff_right", 7 0, L_0x6198ade50e80;  1 drivers
v0x6198ade34000_0 .net "diff_up", 7 0, L_0x6198ade50f20;  1 drivers
v0x6198ade340e0_0 .net "edge_pixel", 7 0, L_0x6198ade52000;  alias, 1 drivers
v0x6198ade341c0_0 .net "max_grad", 7 0, L_0x6198ade51df0;  1 drivers
v0x6198ade342a0_0 .net "max_horizontal", 7 0, L_0x6198ade51960;  1 drivers
v0x6198ade34380_0 .net "max_vertical", 7 0, L_0x6198ade51ba0;  1 drivers
v0x6198ade34460_0 .net "pixel_down", 7 0, L_0x6198ade4f4a0;  alias, 1 drivers
v0x6198ade34540_0 .net "pixel_left", 7 0, L_0x6198ade4e980;  alias, 1 drivers
v0x6198ade34620_0 .net "pixel_orig", 7 0, v0x6198ade35470_0;  alias, 1 drivers
v0x6198ade34700_0 .net "pixel_right", 7 0, L_0x6198ade4ed20;  alias, 1 drivers
v0x6198ade347e0_0 .net "pixel_up", 7 0, L_0x6198ade4f0d0;  alias, 1 drivers
v0x6198ade348c0_0 .net "raw_down", 7 0, L_0x6198ade50670;  1 drivers
v0x6198ade349a0_0 .net "raw_left", 7 0, L_0x6198ade4f850;  1 drivers
v0x6198ade34a80_0 .net "raw_right", 7 0, L_0x6198ade4fc00;  1 drivers
v0x6198ade34b60_0 .net "raw_up", 7 0, L_0x6198ade50060;  1 drivers
v0x6198ade34c40_0 .net "threshold", 7 0, v0x6198ade3b1c0_0;  alias, 1 drivers
L_0x6198ade4f600 .cmp/gt 8, v0x6198ade35470_0, L_0x6198ade4e980;
L_0x6198ade4f6a0 .arith/sub 8, v0x6198ade35470_0, L_0x6198ade4e980;
L_0x6198ade4f7b0 .arith/sub 8, L_0x6198ade4e980, v0x6198ade35470_0;
L_0x6198ade4f850 .functor MUXZ 8, L_0x6198ade4f7b0, L_0x6198ade4f6a0, L_0x6198ade4f600, C4<>;
L_0x6198ade4f990 .cmp/gt 8, v0x6198ade35470_0, L_0x6198ade4ed20;
L_0x6198ade4fa30 .arith/sub 8, v0x6198ade35470_0, L_0x6198ade4ed20;
L_0x6198ade4fb60 .arith/sub 8, L_0x6198ade4ed20, v0x6198ade35470_0;
L_0x6198ade4fc00 .functor MUXZ 8, L_0x6198ade4fb60, L_0x6198ade4fa30, L_0x6198ade4f990, C4<>;
L_0x6198ade4fd90 .cmp/gt 8, v0x6198ade35470_0, L_0x6198ade4f0d0;
L_0x6198ade4fe30 .arith/sub 8, v0x6198ade35470_0, L_0x6198ade4f0d0;
L_0x6198ade4ffc0 .arith/sub 8, L_0x6198ade4f0d0, v0x6198ade35470_0;
L_0x6198ade50060 .functor MUXZ 8, L_0x6198ade4ffc0, L_0x6198ade4fe30, L_0x6198ade4fd90, C4<>;
L_0x6198ade50170 .cmp/gt 8, v0x6198ade35470_0, L_0x6198ade4f4a0;
L_0x6198ade50420 .arith/sub 8, v0x6198ade35470_0, L_0x6198ade4f4a0;
L_0x6198ade505d0 .arith/sub 8, L_0x6198ade4f4a0, v0x6198ade35470_0;
L_0x6198ade50670 .functor MUXZ 8, L_0x6198ade505d0, L_0x6198ade50420, L_0x6198ade50170, C4<>;
L_0x6198ade507a0 .concat [ 8 24 0 0], L_0x6198ade4f850, L_0x7d6870c60258;
L_0x6198ade50970 .cmp/eq 32, L_0x6198ade507a0, L_0x7d6870c602a0;
L_0x6198ade50b00 .functor MUXZ 8, L_0x6198ade4f850, L_0x7d6870c602e8, L_0x6198ade50970, C4<>;
L_0x6198ade50bf0 .concat [ 8 24 0 0], L_0x6198ade4fc00, L_0x7d6870c60330;
L_0x6198ade50d90 .cmp/eq 32, L_0x6198ade50bf0, L_0x7d6870c60378;
L_0x6198ade50e80 .functor MUXZ 8, L_0x6198ade4fc00, L_0x7d6870c603c0, L_0x6198ade50d90, C4<>;
L_0x6198ade50fe0 .concat [ 8 24 0 0], L_0x6198ade50060, L_0x7d6870c60408;
L_0x6198ade51120 .cmp/eq 32, L_0x6198ade50fe0, L_0x7d6870c60450;
L_0x6198ade50f20 .functor MUXZ 8, L_0x6198ade50060, L_0x7d6870c60498, L_0x6198ade51120, C4<>;
L_0x6198ade513d0 .concat [ 8 24 0 0], L_0x6198ade50670, L_0x7d6870c604e0;
L_0x6198ade515a0 .cmp/eq 32, L_0x6198ade513d0, L_0x7d6870c60528;
L_0x6198ade51690 .functor MUXZ 8, L_0x6198ade50670, L_0x7d6870c60570, L_0x6198ade515a0, C4<>;
L_0x6198ade51820 .cmp/gt 8, L_0x6198ade50b00, L_0x6198ade50e80;
L_0x6198ade51960 .functor MUXZ 8, L_0x6198ade50e80, L_0x6198ade50b00, L_0x6198ade51820, C4<>;
L_0x6198ade51780 .cmp/gt 8, L_0x6198ade50f20, L_0x6198ade51690;
L_0x6198ade51ba0 .functor MUXZ 8, L_0x6198ade51690, L_0x6198ade50f20, L_0x6198ade51780, C4<>;
L_0x6198ade51a50 .cmp/gt 8, L_0x6198ade51960, L_0x6198ade51ba0;
L_0x6198ade51df0 .functor MUXZ 8, L_0x6198ade51ba0, L_0x6198ade51960, L_0x6198ade51a50, C4<>;
L_0x6198ade51c90 .cmp/ge 8, L_0x6198ade51df0, v0x6198ade3b1c0_0;
L_0x6198ade52000 .functor MUXZ 8, L_0x7d6870c60600, L_0x7d6870c605b8, L_0x6198ade51c90, C4<>;
S_0x6198ade34e00 .scope module, "img_mem" "image_memory" 4 33, 6 8 0, S_0x6198ade31680;
 .timescale -9 -12;
    .port_info 0 /INPUT 1 "clk";
    .port_info 1 /INPUT 1 "reset";
    .port_info 2 /INPUT 16 "addr";
    .port_info 3 /OUTPUT 8 "pixel_out";
P_0x6198ade0b100 .param/str "FILE_NAME" 0 6 12, "grayscale_16.mem";
P_0x6198ade0b140 .param/l "HEIGHT" 0 6 10, +C4<00000000000000000000000000010000>;
P_0x6198ade0b180 .param/l "PIXEL_BITS" 0 6 11, +C4<00000000000000000000000000001000>;
P_0x6198ade0b1c0 .param/l "WIDTH" 0 6 9, +C4<00000000000000000000000000010000>;
v0x6198ade35130_0 .net "addr", 15 0, v0x6198ade39d70_0;  1 drivers
v0x6198ade35230_0 .net "clk", 0 0, v0x6198ade3ac10_0;  alias, 1 drivers
v0x6198ade352f0_0 .var/i "i", 31 0;
v0x6198ade353b0 .array "mem", 255 0, 7 0;
v0x6198ade35470_0 .var "pixel_out", 7 0;
v0x6198ade35580_0 .net "reset", 0 0, v0x6198ade3b120_0;  alias, 1 drivers
v0x6198ade35620_0 .var "runtime_file", 2047 0;
E_0x6198addbc460 .event posedge, v0x6198ade35580_0, v0x6198ade35230_0;
S_0x6198ade35780 .scope module, "out_mem" "output_memory" 4 68, 7 6 0, S_0x6198ade31680;
 .timescale -9 -12;
    .port_info 0 /INPUT 1 "clk";
    .port_info 1 /INPUT 1 "reset";
    .port_info 2 /INPUT 1 "write_enable";
    .port_info 3 /INPUT 16 "addr";
    .port_info 4 /INPUT 8 "edge_pixel";
    .port_info 5 /OUTPUT 8 "mem_out";
P_0x6198ade35960 .param/str "FILE_NAME" 0 7 9, "edge_output.pgm";
P_0x6198ade359a0 .param/l "MAX_SIZE" 0 7 7, +C4<00000000000000010000000000000000>;
P_0x6198ade359e0 .param/l "PIXEL_BITS" 0 7 8, +C4<00000000000000000000000000001000>;
v0x6198ade361d0_0 .net "addr", 15 0, v0x6198ade39d70_0;  alias, 1 drivers
v0x6198ade362e0_0 .net "clk", 0 0, v0x6198ade3ac10_0;  alias, 1 drivers
v0x6198ade363b0_0 .var "edge_count", 31 0;
v0x6198ade36480_0 .net "edge_pixel", 7 0, L_0x6198ade52000;  alias, 1 drivers
v0x6198ade36550_0 .var/i "file_handle", 31 0;
v0x6198ade36660_0 .var/i "i", 31 0;
v0x6198ade36740 .array "mem", 65535 0, 7 0;
v0x6198ade36800_0 .var "mem_out", 7 0;
v0x6198ade368e0_0 .net "reset", 0 0, v0x6198ade3b120_0;  alias, 1 drivers
v0x6198ade36980_0 .net "write_enable", 0 0, L_0x7d6870c60648;  alias, 1 drivers
S_0x6198ade35c20 .scope task, "export_pgm_image" "export_pgm_image" 7 44, 7 44 0, S_0x6198ade35780;
 .timescale -9 -12;
v0x6198ade35e20_0 .var "img_h", 15 0;
v0x6198ade35f20_0 .var "img_w", 15 0;
v0x6198ade36000_0 .var "threshold_val", 7 0;
v0x6198ade360f0_0 .var/i "total_pixels", 31 0;
TD_testbench.DUT.out_mem.export_pgm_image ;
    %load/vec4 v0x6198ade35f20_0;
    %pad/u 32;
    %load/vec4 v0x6198ade35e20_0;
    %pad/u 32;
    %mul;
    %store/vec4 v0x6198ade360f0_0, 0, 32;
    %vpi_func 7 52 "$fopen" 32, P_0x6198ade35960, "w" {0 0 0};
    %store/vec4 v0x6198ade36550_0, 0, 32;
    %load/vec4 v0x6198ade36550_0;
    %cmpi/ne 0, 0, 32;
    %jmp/0xz  T_0.0, 4;
    %vpi_call 7 54 "$fwrite", v0x6198ade36550_0, "P2\012" {0 0 0};
    %vpi_call 7 55 "$fwrite", v0x6198ade36550_0, "%0d %0d\012", v0x6198ade35f20_0, v0x6198ade35e20_0 {0 0 0};
    %vpi_call 7 56 "$fwrite", v0x6198ade36550_0, "%0d\012", 32'sb00000000000000000000000011111111 {0 0 0};
    %pushi/vec4 0, 0, 32;
    %store/vec4 v0x6198ade36660_0, 0, 32;
T_0.2 ;
    %load/vec4 v0x6198ade36660_0;
    %load/vec4 v0x6198ade360f0_0;
    %cmp/s;
    %jmp/0xz T_0.3, 5;
    %vpi_call 7 59 "$fwrite", v0x6198ade36550_0, "%0d ", &A<v0x6198ade36740, v0x6198ade36660_0 > {0 0 0};
    %load/vec4 v0x6198ade36660_0;
    %addi 1, 0, 32;
    %load/vec4 v0x6198ade35f20_0;
    %pad/u 32;
    %mod;
    %cmpi/e 0, 0, 32;
    %jmp/0xz  T_0.4, 4;
    %vpi_call 7 61 "$fwrite", v0x6198ade36550_0, "\012" {0 0 0};
T_0.4 ;
    %load/vec4 v0x6198ade36660_0;
    %addi 1, 0, 32;
    %store/vec4 v0x6198ade36660_0, 0, 32;
    %jmp T_0.2;
T_0.3 ;
    %vpi_call 7 63 "$fclose", v0x6198ade36550_0 {0 0 0};
T_0.0 ;
    %vpi_call 7 66 "$display", "========================================" {0 0 0};
    %vpi_call 7 67 "$display", "         EDGE DETECTION REPORT          " {0 0 0};
    %vpi_call 7 68 "$display", "========================================" {0 0 0};
    %vpi_call 7 69 "$display", " Image Grid Size   : %0d x %0d", v0x6198ade35f20_0, v0x6198ade35e20_0 {0 0 0};
    %vpi_call 7 70 "$display", " Selected Threshold : %0d", v0x6198ade36000_0 {0 0 0};
    %vpi_call 7 71 "$display", " Total Edge Pixels  : %0d / %0d", v0x6198ade363b0_0, v0x6198ade360f0_0 {0 0 0};
    %load/vec4 v0x6198ade363b0_0;
    %cvt/rv;
    %pushi/real 1677721600, 4072; load=100.000
    %mul/wr;
    %load/vec4 v0x6198ade360f0_0;
    %cvt/rv/s;
    %div/wr;
    %vpi_call 7 72 "$display", " Edge Ratio         : %0f %%", W<0,r> {0 1 0};
    %vpi_call 7 73 "$display", " Saved Output Image : %s", P_0x6198ade35960 {0 0 0};
    %vpi_call 7 74 "$display", "========================================" {0 0 0};
    %end;
S_0x6198ade36ae0 .scope module, "sD" "shift_unit" 4 44, 8 6 0, S_0x6198ade31680;
 .timescale -9 -12;
    .port_info 0 /INPUT 16 "addr";
    .port_info 1 /INPUT 16 "img_width";
    .port_info 2 /INPUT 16 "img_height";
    .port_info 3 /INPUT 2 "direction";
    .port_info 4 /OUTPUT 16 "shifted_addr";
P_0x6198ade36c70 .param/l "INVALID_ADDR_MARKER" 1 8 16, C4<1111111111111111>;
v0x6198ade36dd0_0 .net "addr", 15 0, v0x6198ade39d70_0;  alias, 1 drivers
v0x6198ade36eb0_0 .var "col", 15 0;
L_0x7d6870c600f0 .functor BUFT 1, C4<11>, C4<0>, C4<0>, C4<0>;
v0x6198ade36f90_0 .net "direction", 1 0, L_0x7d6870c600f0;  1 drivers
v0x6198ade37050_0 .net "img_height", 15 0, v0x6198ade3acd0_0;  alias, 1 drivers
v0x6198ade37130_0 .net "img_width", 15 0, v0x6198ade3ad90_0;  alias, 1 drivers
v0x6198ade37260_0 .var "row", 15 0;
v0x6198ade37340_0 .var "shifted_addr", 15 0;
E_0x6198addcc170/0 .event anyedge, v0x6198ade35130_0, v0x6198ade37130_0, v0x6198ade36f90_0, v0x6198ade36eb0_0;
E_0x6198addcc170/1 .event anyedge, v0x6198ade37260_0, v0x6198ade37050_0;
E_0x6198addcc170 .event/or E_0x6198addcc170/0, E_0x6198addcc170/1;
S_0x6198ade374c0 .scope module, "sL" "shift_unit" 4 41, 8 6 0, S_0x6198ade31680;
 .timescale -9 -12;
    .port_info 0 /INPUT 16 "addr";
    .port_info 1 /INPUT 16 "img_width";
    .port_info 2 /INPUT 16 "img_height";
    .port_info 3 /INPUT 2 "direction";
    .port_info 4 /OUTPUT 16 "shifted_addr";
P_0x6198ade376f0 .param/l "INVALID_ADDR_MARKER" 1 8 16, C4<1111111111111111>;
v0x6198ade37820_0 .net "addr", 15 0, v0x6198ade39d70_0;  alias, 1 drivers
v0x6198ade37900_0 .var "col", 15 0;
L_0x7d6870c60018 .functor BUFT 1, C4<00>, C4<0>, C4<0>, C4<0>;
v0x6198ade379e0_0 .net "direction", 1 0, L_0x7d6870c60018;  1 drivers
v0x6198ade37aa0_0 .net "img_height", 15 0, v0x6198ade3acd0_0;  alias, 1 drivers
v0x6198ade37b90_0 .net "img_width", 15 0, v0x6198ade3ad90_0;  alias, 1 drivers
v0x6198ade37c30_0 .var "row", 15 0;
v0x6198ade37cf0_0 .var "shifted_addr", 15 0;
E_0x6198addccb00/0 .event anyedge, v0x6198ade35130_0, v0x6198ade37130_0, v0x6198ade379e0_0, v0x6198ade37900_0;
E_0x6198addccb00/1 .event anyedge, v0x6198ade37c30_0, v0x6198ade37050_0;
E_0x6198addccb00 .event/or E_0x6198addccb00/0, E_0x6198addccb00/1;
S_0x6198ade37ea0 .scope module, "sR" "shift_unit" 4 42, 8 6 0, S_0x6198ade31680;
 .timescale -9 -12;
    .port_info 0 /INPUT 16 "addr";
    .port_info 1 /INPUT 16 "img_width";
    .port_info 2 /INPUT 16 "img_height";
    .port_info 3 /INPUT 2 "direction";
    .port_info 4 /OUTPUT 16 "shifted_addr";
P_0x6198ade38080 .param/l "INVALID_ADDR_MARKER" 1 8 16, C4<1111111111111111>;
v0x6198ade381b0_0 .net "addr", 15 0, v0x6198ade39d70_0;  alias, 1 drivers
v0x6198ade38320_0 .var "col", 15 0;
L_0x7d6870c60060 .functor BUFT 1, C4<01>, C4<0>, C4<0>, C4<0>;
v0x6198ade38400_0 .net "direction", 1 0, L_0x7d6870c60060;  1 drivers
v0x6198ade384f0_0 .net "img_height", 15 0, v0x6198ade3acd0_0;  alias, 1 drivers
v0x6198ade385b0_0 .net "img_width", 15 0, v0x6198ade3ad90_0;  alias, 1 drivers
v0x6198ade386c0_0 .var "row", 15 0;
v0x6198ade387a0_0 .var "shifted_addr", 15 0;
E_0x6198addcc1b0/0 .event anyedge, v0x6198ade35130_0, v0x6198ade37130_0, v0x6198ade38400_0, v0x6198ade38320_0;
E_0x6198addcc1b0/1 .event anyedge, v0x6198ade386c0_0, v0x6198ade37050_0;
E_0x6198addcc1b0 .event/or E_0x6198addcc1b0/0, E_0x6198addcc1b0/1;
S_0x6198ade38920 .scope module, "sU" "shift_unit" 4 43, 8 6 0, S_0x6198ade31680;
 .timescale -9 -12;
    .port_info 0 /INPUT 16 "addr";
    .port_info 1 /INPUT 16 "img_width";
    .port_info 2 /INPUT 16 "img_height";
    .port_info 3 /INPUT 2 "direction";
    .port_info 4 /OUTPUT 16 "shifted_addr";
P_0x6198ade38b00 .param/l "INVALID_ADDR_MARKER" 1 8 16, C4<1111111111111111>;
v0x6198ade38c30_0 .net "addr", 15 0, v0x6198ade39d70_0;  alias, 1 drivers
v0x6198ade38d10_0 .var "col", 15 0;
L_0x7d6870c600a8 .functor BUFT 1, C4<10>, C4<0>, C4<0>, C4<0>;
v0x6198ade38df0_0 .net "direction", 1 0, L_0x7d6870c600a8;  1 drivers
v0x6198ade38eb0_0 .net "img_height", 15 0, v0x6198ade3acd0_0;  alias, 1 drivers
v0x6198ade38f70_0 .net "img_width", 15 0, v0x6198ade3ad90_0;  alias, 1 drivers
v0x6198ade39030_0 .var "row", 15 0;
v0x6198ade39110_0 .var "shifted_addr", 15 0;
E_0x6198addcc690/0 .event anyedge, v0x6198ade35130_0, v0x6198ade37130_0, v0x6198ade38df0_0, v0x6198ade38d10_0;
E_0x6198addcc690/1 .event anyedge, v0x6198ade39030_0, v0x6198ade37050_0;
E_0x6198addcc690 .event/or E_0x6198addcc690/0, E_0x6198addcc690/1;
S_0x6198ade177e0 .scope module, "xor_edge_detector" "xor_edge_detector" 9 8;
 .timescale -9 -12;
    .port_info 0 /INPUT 24 "pixel_orig";
    .port_info 1 /INPUT 24 "pixel_shift";
    .port_info 2 /INPUT 2 "mode_sel";
    .port_info 3 /OUTPUT 1 "edge_out";
P_0x6198adde8740 .param/l "PIXEL_BITS" 0 9 9, +C4<00000000000000000000000000011000>;
L_0x6198ade4f740 .functor XOR 8, L_0x6198ade52220, L_0x6198ade52450, C4<00000000>, C4<00000000>;
L_0x6198ade54030 .functor XOR 8, L_0x6198ade522c0, L_0x6198ade524f0, C4<00000000>, C4<00000000>;
L_0x6198ade54370 .functor XOR 8, L_0x6198ade523b0, L_0x6198ade525e0, C4<00000000>, C4<00000000>;
L_0x6198ade543e0 .functor XOR 8, L_0x6198ade53270, L_0x6198ade541a0, C4<00000000>, C4<00000000>;
L_0x6198ade54290 .functor XOR 1, L_0x6198ade544a0, L_0x6198ade54540, C4<0>, C4<0>;
v0x6198ade3b2f0_0 .net "B1", 7 0, L_0x6198ade523b0;  1 drivers
v0x6198ade3b3f0_0 .net "B2", 7 0, L_0x6198ade525e0;  1 drivers
v0x6198ade3b4d0_0 .net "G1", 7 0, L_0x6198ade522c0;  1 drivers
v0x6198ade3b590_0 .net "G2", 7 0, L_0x6198ade524f0;  1 drivers
v0x6198ade3b670_0 .net "R1", 7 0, L_0x6198ade52220;  1 drivers
v0x6198ade3b7a0_0 .net "R2", 7 0, L_0x6198ade52450;  1 drivers
v0x6198ade3b880_0 .net *"_ivl_12", 31 0, L_0x6198ade52680;  1 drivers
L_0x7d6870c60690 .functor BUFT 1, C4<000000000000000000000000>, C4<0>, C4<0>, C4<0>;
v0x6198ade3b960_0 .net *"_ivl_15", 23 0, L_0x7d6870c60690;  1 drivers
L_0x7d6870c606d8 .functor BUFT 1, C4<00000000000000000000000000011110>, C4<0>, C4<0>, C4<0>;
v0x6198ade3ba40_0 .net/2u *"_ivl_16", 31 0, L_0x7d6870c606d8;  1 drivers
v0x6198ade3bbb0_0 .net *"_ivl_19", 31 0, L_0x6198ade527c0;  1 drivers
v0x6198ade3bc90_0 .net *"_ivl_20", 31 0, L_0x6198ade52950;  1 drivers
L_0x7d6870c60720 .functor BUFT 1, C4<000000000000000000000000>, C4<0>, C4<0>, C4<0>;
v0x6198ade3bd70_0 .net *"_ivl_23", 23 0, L_0x7d6870c60720;  1 drivers
L_0x7d6870c60768 .functor BUFT 1, C4<00000000000000000000000000111011>, C4<0>, C4<0>, C4<0>;
v0x6198ade3be50_0 .net/2u *"_ivl_24", 31 0, L_0x7d6870c60768;  1 drivers
v0x6198ade3bf30_0 .net *"_ivl_27", 31 0, L_0x6198ade52a90;  1 drivers
v0x6198ade3c010_0 .net *"_ivl_28", 31 0, L_0x6198ade52c30;  1 drivers
v0x6198ade3c0f0_0 .net *"_ivl_30", 31 0, L_0x6198ade52d20;  1 drivers
L_0x7d6870c607b0 .functor BUFT 1, C4<000000000000000000000000>, C4<0>, C4<0>, C4<0>;
v0x6198ade3c1d0_0 .net *"_ivl_33", 23 0, L_0x7d6870c607b0;  1 drivers
L_0x7d6870c607f8 .functor BUFT 1, C4<00000000000000000000000000001011>, C4<0>, C4<0>, C4<0>;
v0x6198ade3c3c0_0 .net/2u *"_ivl_34", 31 0, L_0x7d6870c607f8;  1 drivers
v0x6198ade3c4a0_0 .net *"_ivl_37", 31 0, L_0x6198ade52e80;  1 drivers
v0x6198ade3c580_0 .net *"_ivl_38", 31 0, L_0x6198ade52fc0;  1 drivers
L_0x7d6870c60840 .functor BUFT 1, C4<00000000000000000000000001100100>, C4<0>, C4<0>, C4<0>;
v0x6198ade3c660_0 .net/2u *"_ivl_40", 31 0, L_0x7d6870c60840;  1 drivers
v0x6198ade3c740_0 .net *"_ivl_42", 31 0, L_0x6198ade53180;  1 drivers
v0x6198ade3c820_0 .net *"_ivl_46", 31 0, L_0x6198ade533f0;  1 drivers
L_0x7d6870c60888 .functor BUFT 1, C4<000000000000000000000000>, C4<0>, C4<0>, C4<0>;
v0x6198ade3c900_0 .net *"_ivl_49", 23 0, L_0x7d6870c60888;  1 drivers
L_0x7d6870c608d0 .functor BUFT 1, C4<00000000000000000000000000011110>, C4<0>, C4<0>, C4<0>;
v0x6198ade3c9e0_0 .net/2u *"_ivl_50", 31 0, L_0x7d6870c608d0;  1 drivers
v0x6198ade3cac0_0 .net *"_ivl_53", 31 0, L_0x6198ade534e0;  1 drivers
v0x6198ade3cba0_0 .net *"_ivl_54", 31 0, L_0x6198ade536c0;  1 drivers
L_0x7d6870c60918 .functor BUFT 1, C4<000000000000000000000000>, C4<0>, C4<0>, C4<0>;
v0x6198ade3cc80_0 .net *"_ivl_57", 23 0, L_0x7d6870c60918;  1 drivers
L_0x7d6870c60960 .functor BUFT 1, C4<00000000000000000000000000111011>, C4<0>, C4<0>, C4<0>;
v0x6198ade3cd60_0 .net/2u *"_ivl_58", 31 0, L_0x7d6870c60960;  1 drivers
v0x6198ade3ce40_0 .net *"_ivl_61", 31 0, L_0x6198ade539c0;  1 drivers
v0x6198ade3cf20_0 .net *"_ivl_62", 31 0, L_0x6198ade53620;  1 drivers
v0x6198ade3d000_0 .net *"_ivl_64", 31 0, L_0x6198ade53c50;  1 drivers
L_0x7d6870c609a8 .functor BUFT 1, C4<000000000000000000000000>, C4<0>, C4<0>, C4<0>;
v0x6198ade3d0e0_0 .net *"_ivl_67", 23 0, L_0x7d6870c609a8;  1 drivers
L_0x7d6870c609f0 .functor BUFT 1, C4<00000000000000000000000000001011>, C4<0>, C4<0>, C4<0>;
v0x6198ade3d3d0_0 .net/2u *"_ivl_68", 31 0, L_0x7d6870c609f0;  1 drivers
v0x6198ade3d4b0_0 .net *"_ivl_71", 31 0, L_0x6198ade53e00;  1 drivers
v0x6198ade3d590_0 .net *"_ivl_72", 31 0, L_0x6198ade53ef0;  1 drivers
L_0x7d6870c60a38 .functor BUFT 1, C4<00000000000000000000000001100100>, C4<0>, C4<0>, C4<0>;
v0x6198ade3d670_0 .net/2u *"_ivl_74", 31 0, L_0x7d6870c60a38;  1 drivers
v0x6198ade3d750_0 .net *"_ivl_76", 31 0, L_0x6198ade53d40;  1 drivers
v0x6198ade3d830_0 .net *"_ivl_89", 0 0, L_0x6198ade544a0;  1 drivers
v0x6198ade3d910_0 .net *"_ivl_91", 0 0, L_0x6198ade54540;  1 drivers
v0x6198ade3d9f0_0 .net "binary_xor", 0 0, L_0x6198ade54290;  1 drivers
v0x6198ade3dab0_0 .var "edge_out", 0 0;
v0x6198ade3db70_0 .net "gray1", 7 0, L_0x6198ade53270;  1 drivers
v0x6198ade3dc50_0 .net "gray2", 7 0, L_0x6198ade541a0;  1 drivers
o0x7d6870cab5c8 .functor BUFZ 2, C4<zz>; HiZ drive
v0x6198ade3dd30_0 .net "mode_sel", 1 0, o0x7d6870cab5c8;  0 drivers
o0x7d6870cab5f8 .functor BUFZ 24, C4<zzzzzzzzzzzzzzzzzzzzzzzz>; HiZ drive
v0x6198ade3de10_0 .net "pixel_orig", 23 0, o0x7d6870cab5f8;  0 drivers
o0x7d6870cab628 .functor BUFZ 24, C4<zzzzzzzzzzzzzzzzzzzzzzzz>; HiZ drive
v0x6198ade3def0_0 .net "pixel_shift", 23 0, o0x7d6870cab628;  0 drivers
v0x6198ade3dfd0_0 .net "xorB", 7 0, L_0x6198ade54370;  1 drivers
v0x6198ade3e0b0_0 .net "xorG", 7 0, L_0x6198ade54030;  1 drivers
v0x6198ade3e190_0 .net "xorGray", 7 0, L_0x6198ade543e0;  1 drivers
v0x6198ade3e270_0 .net "xorR", 7 0, L_0x6198ade4f740;  1 drivers
E_0x6198add97800/0 .event anyedge, v0x6198ade3dd30_0, v0x6198ade3d9f0_0, v0x6198ade3e190_0, v0x6198ade3e270_0;
E_0x6198add97800/1 .event anyedge, v0x6198ade3e0b0_0, v0x6198ade3dfd0_0;
E_0x6198add97800 .event/or E_0x6198add97800/0, E_0x6198add97800/1;
L_0x6198ade52220 .part o0x7d6870cab5f8, 16, 8;
L_0x6198ade522c0 .part o0x7d6870cab5f8, 8, 8;
L_0x6198ade523b0 .part o0x7d6870cab5f8, 0, 8;
L_0x6198ade52450 .part o0x7d6870cab628, 16, 8;
L_0x6198ade524f0 .part o0x7d6870cab628, 8, 8;
L_0x6198ade525e0 .part o0x7d6870cab628, 0, 8;
L_0x6198ade52680 .concat [ 8 24 0 0], L_0x6198ade52220, L_0x7d6870c60690;
L_0x6198ade527c0 .arith/mult 32, L_0x6198ade52680, L_0x7d6870c606d8;
L_0x6198ade52950 .concat [ 8 24 0 0], L_0x6198ade522c0, L_0x7d6870c60720;
L_0x6198ade52a90 .arith/mult 32, L_0x6198ade52950, L_0x7d6870c60768;
L_0x6198ade52c30 .arith/sum 32, L_0x6198ade527c0, L_0x6198ade52a90;
L_0x6198ade52d20 .concat [ 8 24 0 0], L_0x6198ade523b0, L_0x7d6870c607b0;
L_0x6198ade52e80 .arith/mult 32, L_0x6198ade52d20, L_0x7d6870c607f8;
L_0x6198ade52fc0 .arith/sum 32, L_0x6198ade52c30, L_0x6198ade52e80;
L_0x6198ade53180 .arith/div 32, L_0x6198ade52fc0, L_0x7d6870c60840;
L_0x6198ade53270 .part L_0x6198ade53180, 0, 8;
L_0x6198ade533f0 .concat [ 8 24 0 0], L_0x6198ade52450, L_0x7d6870c60888;
L_0x6198ade534e0 .arith/mult 32, L_0x6198ade533f0, L_0x7d6870c608d0;
L_0x6198ade536c0 .concat [ 8 24 0 0], L_0x6198ade524f0, L_0x7d6870c60918;
L_0x6198ade539c0 .arith/mult 32, L_0x6198ade536c0, L_0x7d6870c60960;
L_0x6198ade53620 .arith/sum 32, L_0x6198ade534e0, L_0x6198ade539c0;
L_0x6198ade53c50 .concat [ 8 24 0 0], L_0x6198ade525e0, L_0x7d6870c609a8;
L_0x6198ade53e00 .arith/mult 32, L_0x6198ade53c50, L_0x7d6870c609f0;
L_0x6198ade53ef0 .arith/sum 32, L_0x6198ade53620, L_0x6198ade53e00;
L_0x6198ade53d40 .arith/div 32, L_0x6198ade53ef0, L_0x7d6870c60a38;
L_0x6198ade541a0 .part L_0x6198ade53d40, 0, 8;
L_0x6198ade544a0 .part o0x7d6870cab5f8, 0, 1;
L_0x6198ade54540 .part o0x7d6870cab628, 0, 1;
    .scope S_0x6198ade34e00;
T_1 ;
    %pushi/vec4 0, 0, 32;
    %store/vec4 v0x6198ade352f0_0, 0, 32;
T_1.0 ;
    %load/vec4 v0x6198ade352f0_0;
    %cmpi/s 256, 0, 32;
    %jmp/0xz T_1.1, 5;
    %pushi/vec4 0, 0, 8;
    %ix/getv/s 4, v0x6198ade352f0_0;
    %store/vec4a v0x6198ade353b0, 4, 0;
    %load/vec4 v0x6198ade352f0_0;
    %addi 1, 0, 32;
    %store/vec4 v0x6198ade352f0_0, 0, 32;
    %jmp T_1.0;
T_1.1 ;
    %pushi/vec4 0, 0, 8;
    %store/vec4 v0x6198ade35470_0, 0, 8;
    %vpi_func 6 32 "$value$plusargs" 32, "INPUT_FILE=%s", v0x6198ade35620_0 {0 0 0};
    %nor/r;
    %flag_set/vec4 8;
    %jmp/0xz  T_1.2, 8;
    %pushi/vec4 3471098610, 0, 1953;
    %concati/vec4 3871785688, 0, 32;
    %concati/vec4 3401474668, 0, 32;
    %concati/vec4 778921325, 0, 31;
    %store/vec4 v0x6198ade35620_0, 0, 2048;
T_1.2 ;
    %vpi_call 6 35 "$display", "Loading image from file: %s", v0x6198ade35620_0 {0 0 0};
    %vpi_call 6 36 "$readmemh", v0x6198ade35620_0, v0x6198ade353b0 {0 0 0};
    %end;
    .thread T_1;
    .scope S_0x6198ade34e00;
T_2 ;
    %wait E_0x6198addbc460;
    %load/vec4 v0x6198ade35580_0;
    %flag_set/vec4 8;
    %jmp/0xz  T_2.0, 8;
    %pushi/vec4 0, 0, 8;
    %assign/vec4 v0x6198ade35470_0, 0;
    %jmp T_2.1;
T_2.0 ;
    %ix/getv 4, v0x6198ade35130_0;
    %load/vec4a v0x6198ade353b0, 4;
    %assign/vec4 v0x6198ade35470_0, 0;
T_2.1 ;
    %jmp T_2;
    .thread T_2;
    .scope S_0x6198ade374c0;
T_3 ;
    %wait E_0x6198addccb00;
    %load/vec4 v0x6198ade37820_0;
    %load/vec4 v0x6198ade37b90_0;
    %div;
    %store/vec4 v0x6198ade37c30_0, 0, 16;
    %load/vec4 v0x6198ade37820_0;
    %load/vec4 v0x6198ade37b90_0;
    %mod;
    %store/vec4 v0x6198ade37900_0, 0, 16;
    %load/vec4 v0x6198ade379e0_0;
    %dup/vec4;
    %pushi/vec4 0, 0, 2;
    %cmp/u;
    %jmp/1 T_3.0, 6;
    %dup/vec4;
    %pushi/vec4 1, 0, 2;
    %cmp/u;
    %jmp/1 T_3.1, 6;
    %dup/vec4;
    %pushi/vec4 2, 0, 2;
    %cmp/u;
    %jmp/1 T_3.2, 6;
    %dup/vec4;
    %pushi/vec4 3, 0, 2;
    %cmp/u;
    %jmp/1 T_3.3, 6;
    %pushi/vec4 65535, 0, 16;
    %store/vec4 v0x6198ade37cf0_0, 0, 16;
    %jmp T_3.5;
T_3.0 ;
    %load/vec4 v0x6198ade37900_0;
    %pad/u 32;
    %cmpi/e 0, 0, 32;
    %flag_mov 8, 4;
    %jmp/0 T_3.6, 8;
    %pushi/vec4 65535, 0, 16;
    %jmp/1 T_3.7, 8;
T_3.6 ; End of true expr.
    %load/vec4 v0x6198ade37820_0;
    %subi 1, 0, 16;
    %jmp/0 T_3.7, 8;
 ; End of false expr.
    %blend;
T_3.7;
    %store/vec4 v0x6198ade37cf0_0, 0, 16;
    %jmp T_3.5;
T_3.1 ;
    %load/vec4 v0x6198ade37900_0;
    %pad/u 32;
    %load/vec4 v0x6198ade37b90_0;
    %pad/u 32;
    %subi 1, 0, 32;
    %cmp/e;
    %flag_mov 8, 4;
    %jmp/0 T_3.8, 8;
    %pushi/vec4 65535, 0, 16;
    %jmp/1 T_3.9, 8;
T_3.8 ; End of true expr.
    %load/vec4 v0x6198ade37820_0;
    %addi 1, 0, 16;
    %jmp/0 T_3.9, 8;
 ; End of false expr.
    %blend;
T_3.9;
    %store/vec4 v0x6198ade37cf0_0, 0, 16;
    %jmp T_3.5;
T_3.2 ;
    %load/vec4 v0x6198ade37c30_0;
    %pad/u 32;
    %cmpi/e 0, 0, 32;
    %flag_mov 8, 4;
    %jmp/0 T_3.10, 8;
    %pushi/vec4 65535, 0, 16;
    %jmp/1 T_3.11, 8;
T_3.10 ; End of true expr.
    %load/vec4 v0x6198ade37820_0;
    %load/vec4 v0x6198ade37b90_0;
    %sub;
    %jmp/0 T_3.11, 8;
 ; End of false expr.
    %blend;
T_3.11;
    %store/vec4 v0x6198ade37cf0_0, 0, 16;
    %jmp T_3.5;
T_3.3 ;
    %load/vec4 v0x6198ade37c30_0;
    %pad/u 32;
    %load/vec4 v0x6198ade37aa0_0;
    %pad/u 32;
    %subi 1, 0, 32;
    %cmp/e;
    %flag_mov 8, 4;
    %jmp/0 T_3.12, 8;
    %pushi/vec4 65535, 0, 16;
    %jmp/1 T_3.13, 8;
T_3.12 ; End of true expr.
    %load/vec4 v0x6198ade37820_0;
    %load/vec4 v0x6198ade37b90_0;
    %add;
    %jmp/0 T_3.13, 8;
 ; End of false expr.
    %blend;
T_3.13;
    %store/vec4 v0x6198ade37cf0_0, 0, 16;
    %jmp T_3.5;
T_3.5 ;
    %pop/vec4 1;
    %jmp T_3;
    .thread T_3, $push;
    .scope S_0x6198ade37ea0;
T_4 ;
    %wait E_0x6198addcc1b0;
    %load/vec4 v0x6198ade381b0_0;
    %load/vec4 v0x6198ade385b0_0;
    %div;
    %store/vec4 v0x6198ade386c0_0, 0, 16;
    %load/vec4 v0x6198ade381b0_0;
    %load/vec4 v0x6198ade385b0_0;
    %mod;
    %store/vec4 v0x6198ade38320_0, 0, 16;
    %load/vec4 v0x6198ade38400_0;
    %dup/vec4;
    %pushi/vec4 0, 0, 2;
    %cmp/u;
    %jmp/1 T_4.0, 6;
    %dup/vec4;
    %pushi/vec4 1, 0, 2;
    %cmp/u;
    %jmp/1 T_4.1, 6;
    %dup/vec4;
    %pushi/vec4 2, 0, 2;
    %cmp/u;
    %jmp/1 T_4.2, 6;
    %dup/vec4;
    %pushi/vec4 3, 0, 2;
    %cmp/u;
    %jmp/1 T_4.3, 6;
    %pushi/vec4 65535, 0, 16;
    %store/vec4 v0x6198ade387a0_0, 0, 16;
    %jmp T_4.5;
T_4.0 ;
    %load/vec4 v0x6198ade38320_0;
    %pad/u 32;
    %cmpi/e 0, 0, 32;
    %flag_mov 8, 4;
    %jmp/0 T_4.6, 8;
    %pushi/vec4 65535, 0, 16;
    %jmp/1 T_4.7, 8;
T_4.6 ; End of true expr.
    %load/vec4 v0x6198ade381b0_0;
    %subi 1, 0, 16;
    %jmp/0 T_4.7, 8;
 ; End of false expr.
    %blend;
T_4.7;
    %store/vec4 v0x6198ade387a0_0, 0, 16;
    %jmp T_4.5;
T_4.1 ;
    %load/vec4 v0x6198ade38320_0;
    %pad/u 32;
    %load/vec4 v0x6198ade385b0_0;
    %pad/u 32;
    %subi 1, 0, 32;
    %cmp/e;
    %flag_mov 8, 4;
    %jmp/0 T_4.8, 8;
    %pushi/vec4 65535, 0, 16;
    %jmp/1 T_4.9, 8;
T_4.8 ; End of true expr.
    %load/vec4 v0x6198ade381b0_0;
    %addi 1, 0, 16;
    %jmp/0 T_4.9, 8;
 ; End of false expr.
    %blend;
T_4.9;
    %store/vec4 v0x6198ade387a0_0, 0, 16;
    %jmp T_4.5;
T_4.2 ;
    %load/vec4 v0x6198ade386c0_0;
    %pad/u 32;
    %cmpi/e 0, 0, 32;
    %flag_mov 8, 4;
    %jmp/0 T_4.10, 8;
    %pushi/vec4 65535, 0, 16;
    %jmp/1 T_4.11, 8;
T_4.10 ; End of true expr.
    %load/vec4 v0x6198ade381b0_0;
    %load/vec4 v0x6198ade385b0_0;
    %sub;
    %jmp/0 T_4.11, 8;
 ; End of false expr.
    %blend;
T_4.11;
    %store/vec4 v0x6198ade387a0_0, 0, 16;
    %jmp T_4.5;
T_4.3 ;
    %load/vec4 v0x6198ade386c0_0;
    %pad/u 32;
    %load/vec4 v0x6198ade384f0_0;
    %pad/u 32;
    %subi 1, 0, 32;
    %cmp/e;
    %flag_mov 8, 4;
    %jmp/0 T_4.12, 8;
    %pushi/vec4 65535, 0, 16;
    %jmp/1 T_4.13, 8;
T_4.12 ; End of true expr.
    %load/vec4 v0x6198ade381b0_0;
    %load/vec4 v0x6198ade385b0_0;
    %add;
    %jmp/0 T_4.13, 8;
 ; End of false expr.
    %blend;
T_4.13;
    %store/vec4 v0x6198ade387a0_0, 0, 16;
    %jmp T_4.5;
T_4.5 ;
    %pop/vec4 1;
    %jmp T_4;
    .thread T_4, $push;
    .scope S_0x6198ade38920;
T_5 ;
    %wait E_0x6198addcc690;
    %load/vec4 v0x6198ade38c30_0;
    %load/vec4 v0x6198ade38f70_0;
    %div;
    %store/vec4 v0x6198ade39030_0, 0, 16;
    %load/vec4 v0x6198ade38c30_0;
    %load/vec4 v0x6198ade38f70_0;
    %mod;
    %store/vec4 v0x6198ade38d10_0, 0, 16;
    %load/vec4 v0x6198ade38df0_0;
    %dup/vec4;
    %pushi/vec4 0, 0, 2;
    %cmp/u;
    %jmp/1 T_5.0, 6;
    %dup/vec4;
    %pushi/vec4 1, 0, 2;
    %cmp/u;
    %jmp/1 T_5.1, 6;
    %dup/vec4;
    %pushi/vec4 2, 0, 2;
    %cmp/u;
    %jmp/1 T_5.2, 6;
    %dup/vec4;
    %pushi/vec4 3, 0, 2;
    %cmp/u;
    %jmp/1 T_5.3, 6;
    %pushi/vec4 65535, 0, 16;
    %store/vec4 v0x6198ade39110_0, 0, 16;
    %jmp T_5.5;
T_5.0 ;
    %load/vec4 v0x6198ade38d10_0;
    %pad/u 32;
    %cmpi/e 0, 0, 32;
    %flag_mov 8, 4;
    %jmp/0 T_5.6, 8;
    %pushi/vec4 65535, 0, 16;
    %jmp/1 T_5.7, 8;
T_5.6 ; End of true expr.
    %load/vec4 v0x6198ade38c30_0;
    %subi 1, 0, 16;
    %jmp/0 T_5.7, 8;
 ; End of false expr.
    %blend;
T_5.7;
    %store/vec4 v0x6198ade39110_0, 0, 16;
    %jmp T_5.5;
T_5.1 ;
    %load/vec4 v0x6198ade38d10_0;
    %pad/u 32;
    %load/vec4 v0x6198ade38f70_0;
    %pad/u 32;
    %subi 1, 0, 32;
    %cmp/e;
    %flag_mov 8, 4;
    %jmp/0 T_5.8, 8;
    %pushi/vec4 65535, 0, 16;
    %jmp/1 T_5.9, 8;
T_5.8 ; End of true expr.
    %load/vec4 v0x6198ade38c30_0;
    %addi 1, 0, 16;
    %jmp/0 T_5.9, 8;
 ; End of false expr.
    %blend;
T_5.9;
    %store/vec4 v0x6198ade39110_0, 0, 16;
    %jmp T_5.5;
T_5.2 ;
    %load/vec4 v0x6198ade39030_0;
    %pad/u 32;
    %cmpi/e 0, 0, 32;
    %flag_mov 8, 4;
    %jmp/0 T_5.10, 8;
    %pushi/vec4 65535, 0, 16;
    %jmp/1 T_5.11, 8;
T_5.10 ; End of true expr.
    %load/vec4 v0x6198ade38c30_0;
    %load/vec4 v0x6198ade38f70_0;
    %sub;
    %jmp/0 T_5.11, 8;
 ; End of false expr.
    %blend;
T_5.11;
    %store/vec4 v0x6198ade39110_0, 0, 16;
    %jmp T_5.5;
T_5.3 ;
    %load/vec4 v0x6198ade39030_0;
    %pad/u 32;
    %load/vec4 v0x6198ade38eb0_0;
    %pad/u 32;
    %subi 1, 0, 32;
    %cmp/e;
    %flag_mov 8, 4;
    %jmp/0 T_5.12, 8;
    %pushi/vec4 65535, 0, 16;
    %jmp/1 T_5.13, 8;
T_5.12 ; End of true expr.
    %load/vec4 v0x6198ade38c30_0;
    %load/vec4 v0x6198ade38f70_0;
    %add;
    %jmp/0 T_5.13, 8;
 ; End of false expr.
    %blend;
T_5.13;
    %store/vec4 v0x6198ade39110_0, 0, 16;
    %jmp T_5.5;
T_5.5 ;
    %pop/vec4 1;
    %jmp T_5;
    .thread T_5, $push;
    .scope S_0x6198ade36ae0;
T_6 ;
    %wait E_0x6198addcc170;
    %load/vec4 v0x6198ade36dd0_0;
    %load/vec4 v0x6198ade37130_0;
    %div;
    %store/vec4 v0x6198ade37260_0, 0, 16;
    %load/vec4 v0x6198ade36dd0_0;
    %load/vec4 v0x6198ade37130_0;
    %mod;
    %store/vec4 v0x6198ade36eb0_0, 0, 16;
    %load/vec4 v0x6198ade36f90_0;
    %dup/vec4;
    %pushi/vec4 0, 0, 2;
    %cmp/u;
    %jmp/1 T_6.0, 6;
    %dup/vec4;
    %pushi/vec4 1, 0, 2;
    %cmp/u;
    %jmp/1 T_6.1, 6;
    %dup/vec4;
    %pushi/vec4 2, 0, 2;
    %cmp/u;
    %jmp/1 T_6.2, 6;
    %dup/vec4;
    %pushi/vec4 3, 0, 2;
    %cmp/u;
    %jmp/1 T_6.3, 6;
    %pushi/vec4 65535, 0, 16;
    %store/vec4 v0x6198ade37340_0, 0, 16;
    %jmp T_6.5;
T_6.0 ;
    %load/vec4 v0x6198ade36eb0_0;
    %pad/u 32;
    %cmpi/e 0, 0, 32;
    %flag_mov 8, 4;
    %jmp/0 T_6.6, 8;
    %pushi/vec4 65535, 0, 16;
    %jmp/1 T_6.7, 8;
T_6.6 ; End of true expr.
    %load/vec4 v0x6198ade36dd0_0;
    %subi 1, 0, 16;
    %jmp/0 T_6.7, 8;
 ; End of false expr.
    %blend;
T_6.7;
    %store/vec4 v0x6198ade37340_0, 0, 16;
    %jmp T_6.5;
T_6.1 ;
    %load/vec4 v0x6198ade36eb0_0;
    %pad/u 32;
    %load/vec4 v0x6198ade37130_0;
    %pad/u 32;
    %subi 1, 0, 32;
    %cmp/e;
    %flag_mov 8, 4;
    %jmp/0 T_6.8, 8;
    %pushi/vec4 65535, 0, 16;
    %jmp/1 T_6.9, 8;
T_6.8 ; End of true expr.
    %load/vec4 v0x6198ade36dd0_0;
    %addi 1, 0, 16;
    %jmp/0 T_6.9, 8;
 ; End of false expr.
    %blend;
T_6.9;
    %store/vec4 v0x6198ade37340_0, 0, 16;
    %jmp T_6.5;
T_6.2 ;
    %load/vec4 v0x6198ade37260_0;
    %pad/u 32;
    %cmpi/e 0, 0, 32;
    %flag_mov 8, 4;
    %jmp/0 T_6.10, 8;
    %pushi/vec4 65535, 0, 16;
    %jmp/1 T_6.11, 8;
T_6.10 ; End of true expr.
    %load/vec4 v0x6198ade36dd0_0;
    %load/vec4 v0x6198ade37130_0;
    %sub;
    %jmp/0 T_6.11, 8;
 ; End of false expr.
    %blend;
T_6.11;
    %store/vec4 v0x6198ade37340_0, 0, 16;
    %jmp T_6.5;
T_6.3 ;
    %load/vec4 v0x6198ade37260_0;
    %pad/u 32;
    %load/vec4 v0x6198ade37050_0;
    %pad/u 32;
    %subi 1, 0, 32;
    %cmp/e;
    %flag_mov 8, 4;
    %jmp/0 T_6.12, 8;
    %pushi/vec4 65535, 0, 16;
    %jmp/1 T_6.13, 8;
T_6.12 ; End of true expr.
    %load/vec4 v0x6198ade36dd0_0;
    %load/vec4 v0x6198ade37130_0;
    %add;
    %jmp/0 T_6.13, 8;
 ; End of false expr.
    %blend;
T_6.13;
    %store/vec4 v0x6198ade37340_0, 0, 16;
    %jmp T_6.5;
T_6.5 ;
    %pop/vec4 1;
    %jmp T_6;
    .thread T_6, $push;
    .scope S_0x6198ade35780;
T_7 ;
    %pushi/vec4 0, 0, 32;
    %store/vec4 v0x6198ade36660_0, 0, 32;
T_7.0 ;
    %load/vec4 v0x6198ade36660_0;
    %cmpi/s 65536, 0, 32;
    %jmp/0xz T_7.1, 5;
    %pushi/vec4 0, 0, 8;
    %ix/getv/s 4, v0x6198ade36660_0;
    %store/vec4a v0x6198ade36740, 4, 0;
    %load/vec4 v0x6198ade36660_0;
    %addi 1, 0, 32;
    %store/vec4 v0x6198ade36660_0, 0, 32;
    %jmp T_7.0;
T_7.1 ;
    %pushi/vec4 0, 0, 8;
    %store/vec4 v0x6198ade36800_0, 0, 8;
    %pushi/vec4 0, 0, 32;
    %store/vec4 v0x6198ade363b0_0, 0, 32;
    %end;
    .thread T_7;
    .scope S_0x6198ade35780;
T_8 ;
    %wait E_0x6198addbc460;
    %load/vec4 v0x6198ade368e0_0;
    %flag_set/vec4 8;
    %jmp/0xz  T_8.0, 8;
    %pushi/vec4 0, 0, 8;
    %assign/vec4 v0x6198ade36800_0, 0;
    %pushi/vec4 0, 0, 32;
    %assign/vec4 v0x6198ade363b0_0, 0;
    %jmp T_8.1;
T_8.0 ;
    %load/vec4 v0x6198ade36980_0;
    %flag_set/vec4 8;
    %jmp/0xz  T_8.2, 8;
    %load/vec4 v0x6198ade36480_0;
    %load/vec4 v0x6198ade361d0_0;
    %pad/u 18;
    %ix/vec4 3;
    %ix/load 4, 0, 0; Constant delay
    %assign/vec4/a/d v0x6198ade36740, 0, 4;
    %load/vec4 v0x6198ade36480_0;
    %assign/vec4 v0x6198ade36800_0, 0;
    %load/vec4 v0x6198ade36480_0;
    %pad/u 32;
    %cmpi/u 0, 0, 32;
    %flag_or 5, 4; GT is !LE
    %flag_inv 5;
    %jmp/0xz  T_8.4, 5;
    %load/vec4 v0x6198ade363b0_0;
    %addi 1, 0, 32;
    %assign/vec4 v0x6198ade363b0_0, 0;
T_8.4 ;
T_8.2 ;
T_8.1 ;
    %jmp T_8;
    .thread T_8;
    .scope S_0x6198ade31680;
T_9 ;
    %wait E_0x6198addbc460;
    %load/vec4 v0x6198ade3a980_0;
    %flag_set/vec4 8;
    %jmp/0xz  T_9.0, 8;
    %pushi/vec4 0, 0, 16;
    %assign/vec4 v0x6198ade39d70_0, 0;
    %jmp T_9.1;
T_9.0 ;
    %load/vec4 v0x6198ade39d70_0;
    %pad/u 32;
    %load/vec4 v0x6198ade3a490_0;
    %pad/u 32;
    %load/vec4 v0x6198ade3a3d0_0;
    %pad/u 32;
    %mul;
    %subi 1, 0, 32;
    %cmp/u;
    %jmp/0xz  T_9.2, 5;
    %load/vec4 v0x6198ade39d70_0;
    %addi 1, 0, 16;
    %assign/vec4 v0x6198ade39d70_0, 0;
T_9.2 ;
T_9.1 ;
    %jmp T_9;
    .thread T_9;
    .scope S_0x6198ade0d250;
T_10 ;
    %pushi/vec4 0, 0, 1;
    %store/vec4 v0x6198ade3ac10_0, 0, 1;
T_10.0 ;
    %delay 5000, 0;
    %load/vec4 v0x6198ade3ac10_0;
    %inv;
    %store/vec4 v0x6198ade3ac10_0, 0, 1;
    %jmp T_10.0;
    %end;
    .thread T_10;
    .scope S_0x6198ade0d250;
T_11 ;
    %pushi/vec4 1, 0, 1;
    %store/vec4 v0x6198ade3b120_0, 0, 1;
    %pushi/vec4 30, 0, 8;
    %store/vec4 v0x6198ade3b1c0_0, 0, 8;
    %pushi/vec4 16, 0, 16;
    %store/vec4 v0x6198ade3ad90_0, 0, 16;
    %pushi/vec4 16, 0, 16;
    %store/vec4 v0x6198ade3acd0_0, 0, 16;
    %vpi_func 3 38 "$value$plusargs" 32, "THRESHOLD=%d", v0x6198ade3af10_0 {0 0 0};
    %cmpi/ne 0, 0, 32;
    %jmp/0xz  T_11.0, 4;
    %load/vec4 v0x6198ade3af10_0;
    %parti/s 8, 0, 2;
    %store/vec4 v0x6198ade3b1c0_0, 0, 8;
T_11.0 ;
    %vpi_func 3 39 "$value$plusargs" 32, "WIDTH=%d", v0x6198ade3b040_0 {0 0 0};
    %cmpi/ne 0, 0, 32;
    %jmp/0xz  T_11.2, 4;
    %load/vec4 v0x6198ade3b040_0;
    %parti/s 16, 0, 2;
    %store/vec4 v0x6198ade3ad90_0, 0, 16;
T_11.2 ;
    %vpi_func 3 40 "$value$plusargs" 32, "HEIGHT=%d", v0x6198ade3ae30_0 {0 0 0};
    %cmpi/ne 0, 0, 32;
    %jmp/0xz  T_11.4, 4;
    %load/vec4 v0x6198ade3ae30_0;
    %parti/s 16, 0, 2;
    %store/vec4 v0x6198ade3acd0_0, 0, 16;
T_11.4 ;
    %delay 20000, 0;
    %pushi/vec4 0, 0, 1;
    %store/vec4 v0x6198ade3b120_0, 0, 1;
T_11.6 ;
    %load/vec4 v0x6198ade39d70_0;
    %pad/u 32;
    %load/vec4 v0x6198ade3ad90_0;
    %pad/u 32;
    %load/vec4 v0x6198ade3acd0_0;
    %pad/u 32;
    %mul;
    %subi 1, 0, 32;
    %cmp/e;
    %flag_get/vec4 4;
    %cmpi/ne 1, 0, 1;
    %jmp/0xz T_11.7, 6;
    %wait E_0x6198addbbe70;
    %jmp T_11.6;
T_11.7 ;
    %delay 20000, 0;
    %load/vec4 v0x6198ade3b1c0_0;
    %store/vec4 v0x6198ade36000_0, 0, 8;
    %load/vec4 v0x6198ade3ad90_0;
    %store/vec4 v0x6198ade35f20_0, 0, 16;
    %load/vec4 v0x6198ade3acd0_0;
    %store/vec4 v0x6198ade35e20_0, 0, 16;
    %fork TD_testbench.DUT.out_mem.export_pgm_image, S_0x6198ade35c20;
    %join;
    %vpi_call 3 50 "$finish" {0 0 0};
    %end;
    .thread T_11;
    .scope S_0x6198ade177e0;
T_12 ;
    %wait E_0x6198add97800;
    %load/vec4 v0x6198ade3dd30_0;
    %dup/vec4;
    %pushi/vec4 0, 0, 2;
    %cmp/u;
    %jmp/1 T_12.0, 6;
    %dup/vec4;
    %pushi/vec4 1, 0, 2;
    %cmp/u;
    %jmp/1 T_12.1, 6;
    %dup/vec4;
    %pushi/vec4 2, 0, 2;
    %cmp/u;
    %jmp/1 T_12.2, 6;
    %pushi/vec4 0, 0, 1;
    %store/vec4 v0x6198ade3dab0_0, 0, 1;
    %jmp T_12.4;
T_12.0 ;
    %load/vec4 v0x6198ade3d9f0_0;
    %store/vec4 v0x6198ade3dab0_0, 0, 1;
    %jmp T_12.4;
T_12.1 ;
    %load/vec4 v0x6198ade3e190_0;
    %or/r;
    %store/vec4 v0x6198ade3dab0_0, 0, 1;
    %jmp T_12.4;
T_12.2 ;
    %load/vec4 v0x6198ade3e270_0;
    %load/vec4 v0x6198ade3e0b0_0;
    %or;
    %load/vec4 v0x6198ade3dfd0_0;
    %or;
    %or/r;
    %store/vec4 v0x6198ade3dab0_0, 0, 1;
    %jmp T_12.4;
T_12.4 ;
    %pop/vec4 1;
    %jmp T_12;
    .thread T_12, $push;
# The file index is used to find the file name in the following table.
:file_names 10;
    "N/A";
    "<interactive>";
    "edge_combiner.v";
    "testbench.v";
    "top_module.v";
    "edge_detector.v";
    "image_memory.v";
    "output_memory.v";
    "shift_unit.v";
    "xor_edge_detector.v";
